src/components/dashboard/performance-chart.tsx(5,113): error TS2307: Cannot find module '@/components/ui/chart' or its corresponding type declarations.
src/components/dashboard/performance-chart.tsx(6,75): error TS2307: Cannot find module '@/components/ui/card' or its corresponding type declarations.
src/components/dashboard/performance-chart.tsx(7,24): error TS2307: Cannot find module '@/components/ui/button' or its corresponding type declarations.
src/components/dashboard/performance-chart.tsx(8,33): error TS2307: Cannot find module '@/firebase/firestore/use-realtime-data' or its corresponding type declarations.
